I'm sorry, but errors were detected in your script. Please correct the
errors listed below, and try again.


File "game/script.rpy", line 13: expected '=' not found.
    image bg oficina1 as frame = "oficina1.jpg"
                      ^

Ren'Py Version: Ren'Py 6.99.7.858
